mode: set
github.com/gardener/external-dns-management/pkg/dnsman2/dns/provider/handler/hetzner/client.go:60.45,61.26 1 1
github.com/gardener/external-dns-management/pkg/dnsman2/dns/provider/handler/hetzner/client.go:61.26,63.3 1 1
github.com/gardener/external-dns-management/pkg/dnsman2/dns/provider/handler/hetzner/client.go:64.2,64.29 1 1
github.com/gardener/external-dns-management/pkg/dnsman2/dns/provider/handler/hetzner/client.go:64.29,66.3 1 1
github.com/gardener/external-dns-management/pkg/dnsman2/dns/provider/handler/hetzner/client.go:69.2,82.3 2 1
github.com/gardener/external-dns-management/pkg/dnsman2/dns/provider/handler/hetzner/client.go:86.114,89.53 2 1
github.com/gardener/external-dns-management/pkg/dnsman2/dns/provider/handler/hetzner/client.go:89.53,90.18 1 1
github.com/gardener/external-dns-management/pkg/dnsman2/dns/provider/handler/hetzner/client.go:90.18,93.28 2 1
github.com/gardener/external-dns-management/pkg/dnsman2/dns/provider/handler/hetzner/client.go:93.28,95.5 1 0
github.com/gardener/external-dns-management/pkg/dnsman2/dns/provider/handler/hetzner/client.go:97.4,102.11 2 1
github.com/gardener/external-dns-management/pkg/dnsman2/dns/provider/handler/hetzner/client.go:103.22,104.21 1 0
github.com/gardener/external-dns-management/pkg/dnsman2/dns/provider/handler/hetzner/client.go:105.31,105.31 0 1
github.com/gardener/external-dns-management/pkg/dnsman2/dns/provider/handler/hetzner/client.go:109.3,110.17 2 1
github.com/gardener/external-dns-management/pkg/dnsman2/dns/provider/handler/hetzner/client.go:110.17,112.4 1 1
github.com/gardener/external-dns-management/pkg/dnsman2/dns/provider/handler/hetzner/client.go:114.3,117.24 2 1
github.com/gardener/external-dns-management/pkg/dnsman2/dns/provider/handler/hetzner/client.go:117.24,119.4 1 1
github.com/gardener/external-dns-management/pkg/dnsman2/dns/provider/handler/hetzner/client.go:122.2,122.56 1 0
github.com/gardener/external-dns-management/pkg/dnsman2/dns/provider/handler/hetzner/client.go:126.118,132.17 3 1
github.com/gardener/external-dns-management/pkg/dnsman2/dns/provider/handler/hetzner/client.go:132.17,134.17 2 1
github.com/gardener/external-dns-management/pkg/dnsman2/dns/provider/handler/hetzner/client.go:134.17,136.4 1 0
github.com/gardener/external-dns-management/pkg/dnsman2/dns/provider/handler/hetzner/client.go:137.3,137.42 1 1
github.com/gardener/external-dns-management/pkg/dnsman2/dns/provider/handler/hetzner/client.go:141.2,142.16 2 1
github.com/gardener/external-dns-management/pkg/dnsman2/dns/provider/handler/hetzner/client.go:142.16,144.3 1 0
github.com/gardener/external-dns-management/pkg/dnsman2/dns/provider/handler/hetzner/client.go:147.2,149.17 3 1
github.com/gardener/external-dns-management/pkg/dnsman2/dns/provider/handler/hetzner/client.go:149.17,151.3 1 1
github.com/gardener/external-dns-management/pkg/dnsman2/dns/provider/handler/hetzner/client.go:154.2,155.16 2 1
github.com/gardener/external-dns-management/pkg/dnsman2/dns/provider/handler/hetzner/client.go:155.16,157.3 1 0
github.com/gardener/external-dns-management/pkg/dnsman2/dns/provider/handler/hetzner/client.go:158.2,162.16 3 1
github.com/gardener/external-dns-management/pkg/dnsman2/dns/provider/handler/hetzner/client.go:162.16,164.3 1 0
github.com/gardener/external-dns-management/pkg/dnsman2/dns/provider/handler/hetzner/client.go:167.2,170.28 2 1
github.com/gardener/external-dns-management/pkg/dnsman2/dns/provider/handler/hetzner/client.go:170.28,172.3 1 1
github.com/gardener/external-dns-management/pkg/dnsman2/dns/provider/handler/hetzner/client.go:175.2,175.40 1 1
github.com/gardener/external-dns-management/pkg/dnsman2/dns/provider/handler/hetzner/client.go:175.40,176.58 1 1
github.com/gardener/external-dns-management/pkg/dnsman2/dns/provider/handler/hetzner/client.go:176.58,178.4 1 0
github.com/gardener/external-dns-management/pkg/dnsman2/dns/provider/handler/hetzner/client.go:181.2,181.12 1 1
github.com/gardener/external-dns-management/pkg/dnsman2/dns/provider/handler/hetzner/client.go:185.59,189.64 3 1
github.com/gardener/external-dns-management/pkg/dnsman2/dns/provider/handler/hetzner/client.go:189.64,190.55 1 1
github.com/gardener/external-dns-management/pkg/dnsman2/dns/provider/handler/hetzner/client.go:190.55,192.4 1 1
github.com/gardener/external-dns-management/pkg/dnsman2/dns/provider/handler/hetzner/client.go:195.2,195.76 1 1
github.com/gardener/external-dns-management/pkg/dnsman2/dns/provider/handler/hetzner/client.go:195.76,196.63 1 1
github.com/gardener/external-dns-management/pkg/dnsman2/dns/provider/handler/hetzner/client.go:196.63,198.4 1 1
github.com/gardener/external-dns-management/pkg/dnsman2/dns/provider/handler/hetzner/client.go:201.2,201.64 1 1
github.com/gardener/external-dns-management/pkg/dnsman2/dns/provider/handler/hetzner/client.go:201.64,202.71 1 1
github.com/gardener/external-dns-management/pkg/dnsman2/dns/provider/handler/hetzner/client.go:202.71,204.4 1 1
github.com/gardener/external-dns-management/pkg/dnsman2/dns/provider/handler/hetzner/client.go:209.51,213.2 3 1
github.com/gardener/external-dns-management/pkg/dnsman2/dns/provider/handler/hetzner/client.go:216.73,218.86 2 1
github.com/gardener/external-dns-management/pkg/dnsman2/dns/provider/handler/hetzner/client.go:218.86,224.3 1 1
github.com/gardener/external-dns-management/pkg/dnsman2/dns/provider/handler/hetzner/client.go:227.2,230.3 1 1
github.com/gardener/external-dns-management/pkg/dnsman2/dns/provider/handler/hetzner/client.go:234.65,239.6 4 1
github.com/gardener/external-dns-management/pkg/dnsman2/dns/provider/handler/hetzner/client.go:239.6,243.76 3 1
github.com/gardener/external-dns-management/pkg/dnsman2/dns/provider/handler/hetzner/client.go:243.76,245.4 1 1
github.com/gardener/external-dns-management/pkg/dnsman2/dns/provider/handler/hetzner/client.go:247.3,250.75 2 1
github.com/gardener/external-dns-management/pkg/dnsman2/dns/provider/handler/hetzner/client.go:250.75,251.9 1 1
github.com/gardener/external-dns-management/pkg/dnsman2/dns/provider/handler/hetzner/client.go:254.3,254.9 1 1
github.com/gardener/external-dns-management/pkg/dnsman2/dns/provider/handler/hetzner/client.go:257.2,257.22 1 1
github.com/gardener/external-dns-management/pkg/dnsman2/dns/provider/handler/hetzner/client.go:261.77,265.75 3 1
github.com/gardener/external-dns-management/pkg/dnsman2/dns/provider/handler/hetzner/client.go:265.75,267.3 1 1
github.com/gardener/external-dns-management/pkg/dnsman2/dns/provider/handler/hetzner/client.go:269.2,269.24 1 1
github.com/gardener/external-dns-management/pkg/dnsman2/dns/provider/handler/hetzner/client.go:273.84,278.6 4 1
github.com/gardener/external-dns-management/pkg/dnsman2/dns/provider/handler/hetzner/client.go:278.6,282.76 3 1
github.com/gardener/external-dns-management/pkg/dnsman2/dns/provider/handler/hetzner/client.go:282.76,284.4 1 0
github.com/gardener/external-dns-management/pkg/dnsman2/dns/provider/handler/hetzner/client.go:286.3,289.75 2 1
github.com/gardener/external-dns-management/pkg/dnsman2/dns/provider/handler/hetzner/client.go:289.75,290.9 1 1
github.com/gardener/external-dns-management/pkg/dnsman2/dns/provider/handler/hetzner/client.go:293.3,293.9 1 0
github.com/gardener/external-dns-management/pkg/dnsman2/dns/provider/handler/hetzner/client.go:296.2,296.24 1 1
github.com/gardener/external-dns-management/pkg/dnsman2/dns/provider/handler/hetzner/client.go:300.83,304.75 3 1
github.com/gardener/external-dns-management/pkg/dnsman2/dns/provider/handler/hetzner/client.go:304.75,306.3 1 0
github.com/gardener/external-dns-management/pkg/dnsman2/dns/provider/handler/hetzner/client.go:308.2,308.26 1 1
github.com/gardener/external-dns-management/pkg/dnsman2/dns/provider/handler/hetzner/client.go:312.94,314.23 1 1
github.com/gardener/external-dns-management/pkg/dnsman2/dns/provider/handler/hetzner/client.go:314.23,316.3 1 1
github.com/gardener/external-dns-management/pkg/dnsman2/dns/provider/handler/hetzner/client.go:318.2,319.83 2 1
github.com/gardener/external-dns-management/pkg/dnsman2/dns/provider/handler/hetzner/client.go:319.83,321.3 1 0
github.com/gardener/external-dns-management/pkg/dnsman2/dns/provider/handler/hetzner/client.go:323.2,323.26 1 1
github.com/gardener/external-dns-management/pkg/dnsman2/dns/provider/handler/hetzner/client.go:327.111,329.23 1 1
github.com/gardener/external-dns-management/pkg/dnsman2/dns/provider/handler/hetzner/client.go:329.23,331.3 1 1
github.com/gardener/external-dns-management/pkg/dnsman2/dns/provider/handler/hetzner/client.go:333.2,336.75 3 1
github.com/gardener/external-dns-management/pkg/dnsman2/dns/provider/handler/hetzner/client.go:336.75,338.3 1 0
github.com/gardener/external-dns-management/pkg/dnsman2/dns/provider/handler/hetzner/client.go:340.2,340.26 1 1
github.com/gardener/external-dns-management/pkg/dnsman2/dns/provider/handler/hetzner/client.go:344.75,348.2 2 1
github.com/gardener/external-dns-management/pkg/dnsman2/dns/provider/handler/hetzner/client.go:351.123,353.25 1 1
github.com/gardener/external-dns-management/pkg/dnsman2/dns/provider/handler/hetzner/client.go:353.25,354.31 1 1
github.com/gardener/external-dns-management/pkg/dnsman2/dns/provider/handler/hetzner/client.go:354.31,356.4 1 0
github.com/gardener/external-dns-management/pkg/dnsman2/dns/provider/handler/hetzner/client.go:359.2,363.76 4 1
github.com/gardener/external-dns-management/pkg/dnsman2/dns/provider/handler/hetzner/client.go:363.76,365.3 1 0
github.com/gardener/external-dns-management/pkg/dnsman2/dns/provider/handler/hetzner/client.go:367.2,367.19 1 1
github.com/gardener/external-dns-management/pkg/dnsman2/dns/provider/handler/hetzner/client.go:377.35,378.18 1 0
github.com/gardener/external-dns-management/pkg/dnsman2/dns/provider/handler/hetzner/client.go:378.18,380.3 1 0
github.com/gardener/external-dns-management/pkg/dnsman2/dns/provider/handler/hetzner/client.go:381.2,381.86 1 0
github.com/gardener/external-dns-management/pkg/dnsman2/dns/provider/handler/hetzner/client.go:385.38,387.2 1 1
github.com/gardener/external-dns-management/pkg/dnsman2/dns/provider/handler/hetzner/client.go:390.44,392.2 1 1
github.com/gardener/external-dns-management/pkg/dnsman2/dns/provider/handler/hetzner/client.go:395.39,397.2 1 1
github.com/gardener/external-dns-management/pkg/dnsman2/dns/provider/handler/hetzner/client.go:400.34,401.16 1 1
github.com/gardener/external-dns-management/pkg/dnsman2/dns/provider/handler/hetzner/client.go:401.16,403.3 1 0
github.com/gardener/external-dns-management/pkg/dnsman2/dns/provider/handler/hetzner/client.go:406.2,406.39 1 1
github.com/gardener/external-dns-management/pkg/dnsman2/dns/provider/handler/hetzner/client.go:406.39,407.32 1 1
github.com/gardener/external-dns-management/pkg/dnsman2/dns/provider/handler/hetzner/client.go:407.32,409.4 1 1
github.com/gardener/external-dns-management/pkg/dnsman2/dns/provider/handler/hetzner/client.go:411.3,411.31 1 1
github.com/gardener/external-dns-management/pkg/dnsman2/dns/provider/handler/hetzner/client.go:411.31,413.4 1 1
github.com/gardener/external-dns-management/pkg/dnsman2/dns/provider/handler/hetzner/client.go:415.3,415.15 1 1
github.com/gardener/external-dns-management/pkg/dnsman2/dns/provider/handler/hetzner/client.go:419.2,419.13 1 0
