mode: set
github.com/gardener/external-dns-management/pkg/dnsman2/dns/provider/handler/hetzner/client.go:60.45,61.26 1 1
github.com/gardener/external-dns-management/pkg/dnsman2/dns/provider/handler/hetzner/client.go:61.26,63.3 1 1
github.com/gardener/external-dns-management/pkg/dnsman2/dns/provider/handler/hetzner/client.go:64.2,64.29 1 1
github.com/gardener/external-dns-management/pkg/dnsman2/dns/provider/handler/hetzner/client.go:64.29,66.3 1 1
github.com/gardener/external-dns-management/pkg/dnsman2/dns/provider/handler/hetzner/client.go:69.2,82.3 2 1
github.com/gardener/external-dns-management/pkg/dnsman2/dns/provider/handler/hetzner/client.go:86.114,89.53 2 1
github.com/gardener/external-dns-management/pkg/dnsman2/dns/provider/handler/hetzner/client.go:89.53,90.18 1 1
github.com/gardener/external-dns-management/pkg/dnsman2/dns/provider/handler/hetzner/client.go:90.18,93.28 2 1
github.com/gardener/external-dns-management/pkg/dnsman2/dns/provider/handler/hetzner/client.go:93.28,95.5 1 0
github.com/gardener/external-dns-management/pkg/dnsman2/dns/provider/handler/hetzner/client.go:97.4,102.11 2 1
github.com/gardener/external-dns-management/pkg/dnsman2/dns/provider/handler/hetzner/client.go:103.22,104.21 1 0
github.com/gardener/external-dns-management/pkg/dnsman2/dns/provider/handler/hetzner/client.go:105.31,105.31 0 1
github.com/gardener/external-dns-management/pkg/dnsman2/dns/provider/handler/hetzner/client.go:109.3,110.17 2 1
github.com/gardener/external-dns-management/pkg/dnsman2/dns/provider/handler/hetzner/client.go:110.17,112.4 1 1
github.com/gardener/external-dns-management/pkg/dnsman2/dns/provider/handler/hetzner/client.go:114.3,117.24 2 1
github.com/gardener/external-dns-management/pkg/dnsman2/dns/provider/handler/hetzner/client.go:117.24,119.4 1 1
github.com/gardener/external-dns-management/pkg/dnsman2/dns/provider/handler/hetzner/client.go:122.2,122.56 1 1
github.com/gardener/external-dns-management/pkg/dnsman2/dns/provider/handler/hetzner/client.go:126.118,132.17 3 1
github.com/gardener/external-dns-management/pkg/dnsman2/dns/provider/handler/hetzner/client.go:132.17,134.17 2 1
github.com/gardener/external-dns-management/pkg/dnsman2/dns/provider/handler/hetzner/client.go:134.17,136.4 1 0
github.com/gardener/external-dns-management/pkg/dnsman2/dns/provider/handler/hetzner/client.go:137.3,137.42 1 1
github.com/gardener/external-dns-management/pkg/dnsman2/dns/provider/handler/hetzner/client.go:141.2,142.16 2 1
github.com/gardener/external-dns-management/pkg/dnsman2/dns/provider/handler/hetzner/client.go:142.16,144.3 1 0
github.com/gardener/external-dns-management/pkg/dnsman2/dns/provider/handler/hetzner/client.go:147.2,149.17 3 1
github.com/gardener/external-dns-management/pkg/dnsman2/dns/provider/handler/hetzner/client.go:149.17,151.3 1 1
github.com/gardener/external-dns-management/pkg/dnsman2/dns/provider/handler/hetzner/client.go:154.2,155.16 2 1
github.com/gardener/external-dns-management/pkg/dnsman2/dns/provider/handler/hetzner/client.go:155.16,157.3 1 0
github.com/gardener/external-dns-management/pkg/dnsman2/dns/provider/handler/hetzner/client.go:158.2,158.15 1 1
github.com/gardener/external-dns-management/pkg/dnsman2/dns/provider/handler/hetzner/client.go:158.15,160.3 1 1
github.com/gardener/external-dns-management/pkg/dnsman2/dns/provider/handler/hetzner/client.go:163.2,164.16 2 1
github.com/gardener/external-dns-management/pkg/dnsman2/dns/provider/handler/hetzner/client.go:164.16,166.3 1 0
github.com/gardener/external-dns-management/pkg/dnsman2/dns/provider/handler/hetzner/client.go:169.2,172.28 2 1
github.com/gardener/external-dns-management/pkg/dnsman2/dns/provider/handler/hetzner/client.go:172.28,174.3 1 1
github.com/gardener/external-dns-management/pkg/dnsman2/dns/provider/handler/hetzner/client.go:177.2,177.40 1 1
github.com/gardener/external-dns-management/pkg/dnsman2/dns/provider/handler/hetzner/client.go:177.40,178.58 1 1
github.com/gardener/external-dns-management/pkg/dnsman2/dns/provider/handler/hetzner/client.go:178.58,180.4 1 0
github.com/gardener/external-dns-management/pkg/dnsman2/dns/provider/handler/hetzner/client.go:183.2,183.12 1 1
github.com/gardener/external-dns-management/pkg/dnsman2/dns/provider/handler/hetzner/client.go:187.59,191.64 3 1
github.com/gardener/external-dns-management/pkg/dnsman2/dns/provider/handler/hetzner/client.go:191.64,192.55 1 1
github.com/gardener/external-dns-management/pkg/dnsman2/dns/provider/handler/hetzner/client.go:192.55,194.4 1 1
github.com/gardener/external-dns-management/pkg/dnsman2/dns/provider/handler/hetzner/client.go:197.2,197.76 1 1
github.com/gardener/external-dns-management/pkg/dnsman2/dns/provider/handler/hetzner/client.go:197.76,198.63 1 1
github.com/gardener/external-dns-management/pkg/dnsman2/dns/provider/handler/hetzner/client.go:198.63,200.4 1 1
github.com/gardener/external-dns-management/pkg/dnsman2/dns/provider/handler/hetzner/client.go:203.2,203.64 1 1
github.com/gardener/external-dns-management/pkg/dnsman2/dns/provider/handler/hetzner/client.go:203.64,204.71 1 1
github.com/gardener/external-dns-management/pkg/dnsman2/dns/provider/handler/hetzner/client.go:204.71,206.4 1 1
github.com/gardener/external-dns-management/pkg/dnsman2/dns/provider/handler/hetzner/client.go:211.51,215.2 3 1
github.com/gardener/external-dns-management/pkg/dnsman2/dns/provider/handler/hetzner/client.go:218.73,220.86 2 1
github.com/gardener/external-dns-management/pkg/dnsman2/dns/provider/handler/hetzner/client.go:220.86,226.3 1 1
github.com/gardener/external-dns-management/pkg/dnsman2/dns/provider/handler/hetzner/client.go:229.2,232.3 1 1
github.com/gardener/external-dns-management/pkg/dnsman2/dns/provider/handler/hetzner/client.go:236.65,241.6 4 1
github.com/gardener/external-dns-management/pkg/dnsman2/dns/provider/handler/hetzner/client.go:241.6,245.76 3 1
github.com/gardener/external-dns-management/pkg/dnsman2/dns/provider/handler/hetzner/client.go:245.76,247.4 1 1
github.com/gardener/external-dns-management/pkg/dnsman2/dns/provider/handler/hetzner/client.go:249.3,252.75 2 1
github.com/gardener/external-dns-management/pkg/dnsman2/dns/provider/handler/hetzner/client.go:252.75,253.9 1 1
github.com/gardener/external-dns-management/pkg/dnsman2/dns/provider/handler/hetzner/client.go:256.3,256.9 1 1
github.com/gardener/external-dns-management/pkg/dnsman2/dns/provider/handler/hetzner/client.go:259.2,259.22 1 1
github.com/gardener/external-dns-management/pkg/dnsman2/dns/provider/handler/hetzner/client.go:263.77,267.75 3 1
github.com/gardener/external-dns-management/pkg/dnsman2/dns/provider/handler/hetzner/client.go:267.75,269.3 1 1
github.com/gardener/external-dns-management/pkg/dnsman2/dns/provider/handler/hetzner/client.go:271.2,271.24 1 1
github.com/gardener/external-dns-management/pkg/dnsman2/dns/provider/handler/hetzner/client.go:275.84,280.6 4 1
github.com/gardener/external-dns-management/pkg/dnsman2/dns/provider/handler/hetzner/client.go:280.6,284.76 3 1
github.com/gardener/external-dns-management/pkg/dnsman2/dns/provider/handler/hetzner/client.go:284.76,286.4 1 1
github.com/gardener/external-dns-management/pkg/dnsman2/dns/provider/handler/hetzner/client.go:288.3,291.75 2 1
github.com/gardener/external-dns-management/pkg/dnsman2/dns/provider/handler/hetzner/client.go:291.75,292.9 1 1
github.com/gardener/external-dns-management/pkg/dnsman2/dns/provider/handler/hetzner/client.go:295.3,295.9 1 0
github.com/gardener/external-dns-management/pkg/dnsman2/dns/provider/handler/hetzner/client.go:298.2,298.24 1 1
github.com/gardener/external-dns-management/pkg/dnsman2/dns/provider/handler/hetzner/client.go:302.83,306.75 3 1
github.com/gardener/external-dns-management/pkg/dnsman2/dns/provider/handler/hetzner/client.go:306.75,308.3 1 0
github.com/gardener/external-dns-management/pkg/dnsman2/dns/provider/handler/hetzner/client.go:310.2,310.26 1 1
github.com/gardener/external-dns-management/pkg/dnsman2/dns/provider/handler/hetzner/client.go:314.94,316.23 1 1
github.com/gardener/external-dns-management/pkg/dnsman2/dns/provider/handler/hetzner/client.go:316.23,318.3 1 1
github.com/gardener/external-dns-management/pkg/dnsman2/dns/provider/handler/hetzner/client.go:320.2,321.83 2 1
github.com/gardener/external-dns-management/pkg/dnsman2/dns/provider/handler/hetzner/client.go:321.83,323.3 1 0
github.com/gardener/external-dns-management/pkg/dnsman2/dns/provider/handler/hetzner/client.go:325.2,325.26 1 1
github.com/gardener/external-dns-management/pkg/dnsman2/dns/provider/handler/hetzner/client.go:329.111,331.23 1 1
github.com/gardener/external-dns-management/pkg/dnsman2/dns/provider/handler/hetzner/client.go:331.23,333.3 1 1
github.com/gardener/external-dns-management/pkg/dnsman2/dns/provider/handler/hetzner/client.go:335.2,338.75 3 1
github.com/gardener/external-dns-management/pkg/dnsman2/dns/provider/handler/hetzner/client.go:338.75,340.3 1 0
github.com/gardener/external-dns-management/pkg/dnsman2/dns/provider/handler/hetzner/client.go:342.2,342.26 1 1
github.com/gardener/external-dns-management/pkg/dnsman2/dns/provider/handler/hetzner/client.go:346.75,350.2 2 1
github.com/gardener/external-dns-management/pkg/dnsman2/dns/provider/handler/hetzner/client.go:353.123,355.25 1 1
github.com/gardener/external-dns-management/pkg/dnsman2/dns/provider/handler/hetzner/client.go:355.25,356.31 1 1
github.com/gardener/external-dns-management/pkg/dnsman2/dns/provider/handler/hetzner/client.go:356.31,358.4 1 0
github.com/gardener/external-dns-management/pkg/dnsman2/dns/provider/handler/hetzner/client.go:361.2,365.76 4 1
github.com/gardener/external-dns-management/pkg/dnsman2/dns/provider/handler/hetzner/client.go:365.76,367.3 1 0
github.com/gardener/external-dns-management/pkg/dnsman2/dns/provider/handler/hetzner/client.go:369.2,369.19 1 1
github.com/gardener/external-dns-management/pkg/dnsman2/dns/provider/handler/hetzner/client.go:379.35,380.18 1 1
github.com/gardener/external-dns-management/pkg/dnsman2/dns/provider/handler/hetzner/client.go:380.18,382.3 1 1
github.com/gardener/external-dns-management/pkg/dnsman2/dns/provider/handler/hetzner/client.go:383.2,383.86 1 1
github.com/gardener/external-dns-management/pkg/dnsman2/dns/provider/handler/hetzner/client.go:387.38,389.2 1 1
github.com/gardener/external-dns-management/pkg/dnsman2/dns/provider/handler/hetzner/client.go:392.44,394.2 1 1
github.com/gardener/external-dns-management/pkg/dnsman2/dns/provider/handler/hetzner/client.go:397.39,399.2 1 1
github.com/gardener/external-dns-management/pkg/dnsman2/dns/provider/handler/hetzner/client.go:402.34,403.16 1 1
github.com/gardener/external-dns-management/pkg/dnsman2/dns/provider/handler/hetzner/client.go:403.16,405.3 1 0
github.com/gardener/external-dns-management/pkg/dnsman2/dns/provider/handler/hetzner/client.go:408.2,408.39 1 1
github.com/gardener/external-dns-management/pkg/dnsman2/dns/provider/handler/hetzner/client.go:408.39,409.32 1 1
github.com/gardener/external-dns-management/pkg/dnsman2/dns/provider/handler/hetzner/client.go:409.32,411.4 1 1
github.com/gardener/external-dns-management/pkg/dnsman2/dns/provider/handler/hetzner/client.go:413.3,413.31 1 1
github.com/gardener/external-dns-management/pkg/dnsman2/dns/provider/handler/hetzner/client.go:413.31,415.4 1 1
github.com/gardener/external-dns-management/pkg/dnsman2/dns/provider/handler/hetzner/client.go:417.3,417.15 1 1
github.com/gardener/external-dns-management/pkg/dnsman2/dns/provider/handler/hetzner/client.go:421.2,421.13 1 0
github.com/gardener/external-dns-management/pkg/dnsman2/dns/provider/handler/hetzner/execution.go:39.78,46.2 1 1
github.com/gardener/external-dns-management/pkg/dnsman2/dns/provider/handler/hetzner/execution.go:48.119,55.2 1 1
github.com/gardener/external-dns-management/pkg/dnsman2/dns/provider/handler/hetzner/execution.go:57.89,58.26 1 1
github.com/gardener/external-dns-management/pkg/dnsman2/dns/provider/handler/hetzner/execution.go:58.26,61.3 2 1
github.com/gardener/external-dns-management/pkg/dnsman2/dns/provider/handler/hetzner/execution.go:63.2,68.32 4 1
github.com/gardener/external-dns-management/pkg/dnsman2/dns/provider/handler/hetzner/execution.go:68.32,73.20 3 1
github.com/gardener/external-dns-management/pkg/dnsman2/dns/provider/handler/hetzner/execution.go:74.21,75.44 1 1
github.com/gardener/external-dns-management/pkg/dnsman2/dns/provider/handler/hetzner/execution.go:76.21,77.44 1 1
github.com/gardener/external-dns-management/pkg/dnsman2/dns/provider/handler/hetzner/execution.go:78.11,79.53 1 0
github.com/gardener/external-dns-management/pkg/dnsman2/dns/provider/handler/hetzner/execution.go:82.3,82.17 1 1
github.com/gardener/external-dns-management/pkg/dnsman2/dns/provider/handler/hetzner/execution.go:82.17,89.4 2 0
github.com/gardener/external-dns-management/pkg/dnsman2/dns/provider/handler/hetzner/execution.go:89.9,91.4 1 1
github.com/gardener/external-dns-management/pkg/dnsman2/dns/provider/handler/hetzner/execution.go:94.2,96.19 2 1
github.com/gardener/external-dns-management/pkg/dnsman2/dns/provider/handler/hetzner/execution.go:96.19,98.3 1 0
github.com/gardener/external-dns-management/pkg/dnsman2/dns/provider/handler/hetzner/execution.go:100.2,100.12 1 1
github.com/gardener/external-dns-management/pkg/dnsman2/dns/provider/handler/hetzner/execution.go:103.101,111.39 4 1
github.com/gardener/external-dns-management/pkg/dnsman2/dns/provider/handler/hetzner/execution.go:111.39,123.26 3 1
github.com/gardener/external-dns-management/pkg/dnsman2/dns/provider/handler/hetzner/execution.go:123.26,125.4 1 1
github.com/gardener/external-dns-management/pkg/dnsman2/dns/provider/handler/hetzner/execution.go:127.3,134.17 3 1
github.com/gardener/external-dns-management/pkg/dnsman2/dns/provider/handler/hetzner/execution.go:134.17,136.4 1 0
github.com/gardener/external-dns-management/pkg/dnsman2/dns/provider/handler/hetzner/execution.go:138.3,138.79 1 1
github.com/gardener/external-dns-management/pkg/dnsman2/dns/provider/handler/hetzner/execution.go:141.2,141.12 1 1
github.com/gardener/external-dns-management/pkg/dnsman2/dns/provider/handler/hetzner/execution.go:144.101,145.23 1 1
github.com/gardener/external-dns-management/pkg/dnsman2/dns/provider/handler/hetzner/execution.go:145.23,147.3 1 0
github.com/gardener/external-dns-management/pkg/dnsman2/dns/provider/handler/hetzner/execution.go:149.2,157.16 4 1
github.com/gardener/external-dns-management/pkg/dnsman2/dns/provider/handler/hetzner/execution.go:157.16,159.63 1 0
github.com/gardener/external-dns-management/pkg/dnsman2/dns/provider/handler/hetzner/execution.go:159.63,162.4 2 0
github.com/gardener/external-dns-management/pkg/dnsman2/dns/provider/handler/hetzner/execution.go:163.3,163.87 1 0
github.com/gardener/external-dns-management/pkg/dnsman2/dns/provider/handler/hetzner/execution.go:166.2,167.12 2 1
github.com/gardener/external-dns-management/pkg/dnsman2/dns/provider/handler/hetzner/execution.go:170.52,174.2 2 1
github.com/gardener/external-dns-management/pkg/dnsman2/dns/provider/handler/hetzner/factory.go:21.56,33.2 1 0
github.com/gardener/external-dns-management/pkg/dnsman2/dns/provider/handler/hetzner/factory.go:39.46,66.2 5 1
github.com/gardener/external-dns-management/pkg/dnsman2/dns/provider/handler/hetzner/factory.go:68.41,70.2 1 1
github.com/gardener/external-dns-management/pkg/dnsman2/dns/provider/handler/hetzner/factory.go:72.121,74.42 1 1
github.com/gardener/external-dns-management/pkg/dnsman2/dns/provider/handler/hetzner/factory.go:74.42,76.3 1 1
github.com/gardener/external-dns-management/pkg/dnsman2/dns/provider/handler/hetzner/factory.go:77.2,77.66 1 1
github.com/gardener/external-dns-management/pkg/dnsman2/dns/provider/handler/hetzner/handler.go:26.76,34.16 3 1
github.com/gardener/external-dns-management/pkg/dnsman2/dns/provider/handler/hetzner/handler.go:34.16,36.3 1 1
github.com/gardener/external-dns-management/pkg/dnsman2/dns/provider/handler/hetzner/handler.go:39.2,44.22 4 1
github.com/gardener/external-dns-management/pkg/dnsman2/dns/provider/handler/hetzner/handler.go:44.22,45.67 1 1
github.com/gardener/external-dns-management/pkg/dnsman2/dns/provider/handler/hetzner/handler.go:45.67,47.4 1 1
github.com/gardener/external-dns-management/pkg/dnsman2/dns/provider/handler/hetzner/handler.go:51.2,58.15 2 1
github.com/gardener/external-dns-management/pkg/dnsman2/dns/provider/handler/hetzner/handler.go:62.83,71.16 5 1
github.com/gardener/external-dns-management/pkg/dnsman2/dns/provider/handler/hetzner/handler.go:71.16,73.3 1 1
github.com/gardener/external-dns-management/pkg/dnsman2/dns/provider/handler/hetzner/handler.go:76.2,80.29 3 1
github.com/gardener/external-dns-management/pkg/dnsman2/dns/provider/handler/hetzner/handler.go:80.29,94.3 5 1
github.com/gardener/external-dns-management/pkg/dnsman2/dns/provider/handler/hetzner/handler.go:96.2,97.25 2 1
github.com/gardener/external-dns-management/pkg/dnsman2/dns/provider/handler/hetzner/handler.go:104.40,107.16 2 1
github.com/gardener/external-dns-management/pkg/dnsman2/dns/provider/handler/hetzner/handler.go:107.16,109.3 1 1
github.com/gardener/external-dns-management/pkg/dnsman2/dns/provider/handler/hetzner/handler.go:111.2,111.126 1 1
github.com/gardener/external-dns-management/pkg/dnsman2/dns/provider/handler/hetzner/handler.go:111.126,114.3 2 0
github.com/gardener/external-dns-management/pkg/dnsman2/dns/provider/handler/hetzner/handler.go:122.9,126.28 3 1
github.com/gardener/external-dns-management/pkg/dnsman2/dns/provider/handler/hetzner/handler.go:126.28,129.3 2 1
github.com/gardener/external-dns-management/pkg/dnsman2/dns/provider/handler/hetzner/handler.go:131.2,137.16 4 1
github.com/gardener/external-dns-management/pkg/dnsman2/dns/provider/handler/hetzner/handler.go:137.16,139.3 1 1
github.com/gardener/external-dns-management/pkg/dnsman2/dns/provider/handler/hetzner/handler.go:140.2,145.38 3 1
github.com/gardener/external-dns-management/pkg/dnsman2/dns/provider/handler/hetzner/handler.go:145.38,148.3 2 1
github.com/gardener/external-dns-management/pkg/dnsman2/dns/provider/handler/hetzner/handler.go:151.2,151.47 1 1
github.com/gardener/external-dns-management/pkg/dnsman2/dns/provider/handler/hetzner/handler.go:151.47,154.45 2 1
github.com/gardener/external-dns-management/pkg/dnsman2/dns/provider/handler/hetzner/handler.go:154.45,160.49 3 1
github.com/gardener/external-dns-management/pkg/dnsman2/dns/provider/handler/hetzner/handler.go:160.49,161.33 1 1
github.com/gardener/external-dns-management/pkg/dnsman2/dns/provider/handler/hetzner/handler.go:161.33,163.6 1 1
github.com/gardener/external-dns-management/pkg/dnsman2/dns/provider/handler/hetzner/handler.go:167.4,167.54 1 1
github.com/gardener/external-dns-management/pkg/dnsman2/dns/provider/handler/hetzner/handler.go:168.9,168.31 1 1
github.com/gardener/external-dns-management/pkg/dnsman2/dns/provider/handler/hetzner/handler.go:168.31,173.49 3 1
github.com/gardener/external-dns-management/pkg/dnsman2/dns/provider/handler/hetzner/handler.go:173.49,174.33 1 1
github.com/gardener/external-dns-management/pkg/dnsman2/dns/provider/handler/hetzner/handler.go:174.33,176.6 1 1
github.com/gardener/external-dns-management/pkg/dnsman2/dns/provider/handler/hetzner/handler.go:177.10,179.5 1 1
github.com/gardener/external-dns-management/pkg/dnsman2/dns/provider/handler/hetzner/handler.go:180.9,180.31 1 1
github.com/gardener/external-dns-management/pkg/dnsman2/dns/provider/handler/hetzner/handler.go:180.31,184.4 2 1
github.com/gardener/external-dns-management/pkg/dnsman2/dns/provider/handler/hetzner/handler.go:188.2,188.50 1 1
github.com/gardener/external-dns-management/pkg/dnsman2/dns/provider/handler/hetzner/handler.go:192.30,194.2 0 1
